// Jest Snapshot v1, https://goo.gl/fbAQLP

exports[`<Footer /> renders the <Footer /> with populated data 1`] = `
<div
  class="footer__Container-qu6i6-0 hygnSq"
>
  <p
    class="footer__Title-qu6i6-4 ietrFk"
  >
    Questions? Contact Us
  </p>
  <p
    class="footer__Break-qu6i6-6 cnYatT"
  />
  <div
    class="footer__Row-qu6i6-2 kLvuYU"
  >
    <div
      class="footer__Column-qu6i6-1 jAYoWp"
    >
      <a
        class="footer__Link-qu6i6-3 dNinlc"
        href="#"
      >
        FAQ
      </a>
      <a
        class="footer__Link-qu6i6-3 dNinlc"
        href="#"
      >
        Inverstor Relations
      </a>
      <a
        class="footer__Link-qu6i6-3 dNinlc"
        href="#"
      >
        Ways to Watch
      </a>
      <a
        class="footer__Link-qu6i6-3 dNinlc"
        href="#"
      >
        Coporate nformation
      </a>
      <a
        class="footer__Link-qu6i6-3 dNinlc"
        href="#"
      >
        Neftlix Originals
      </a>
    </div>
    <div
      class="footer__Column-qu6i6-1 jAYoWp"
    >
      <a
        class="footer__Link-qu6i6-3 dNinlc"
        href="#"
      >
        Help Centre
      </a>
      <a
        class="footer__Link-qu6i6-3 dNinlc"
        href="#"
      >
        Jobs
      </a>
      <a
        class="footer__Link-qu6i6-3 dNinlc"
        href="#"
      >
        Terms of Use
      </a>
      <a
        class="footer__Link-qu6i6-3 dNinlc"
        href="#"
      >
        Contact Us
      </a>
    </div>
    <div
      class="footer__Column-qu6i6-1 jAYoWp"
    >
      <a
        class="footer__Link-qu6i6-3 dNinlc"
        href="#"
      >
        Account
      </a>
      <a
        class="footer__Link-qu6i6-3 dNinlc"
        href="#"
      >
        Redeem Gift Cards
      </a>
      <a
        class="footer__Link-qu6i6-3 dNinlc"
        href="#"
      >
        Privacy
      </a>
      <a
        class="footer__Link-qu6i6-3 dNinlc"
        href="#"
      >
        Speed Test
      </a>
    </div>
    <div
      class="footer__Column-qu6i6-1 jAYoWp"
    >
      <a
        class="footer__Link-qu6i6-3 dNinlc"
        href="#"
      >
        Media Centre
      </a>
      <a
        class="footer__Link-qu6i6-3 dNinlc"
        href="#"
      >
        Buy Gift Cards
      </a>
      <a
        class="footer__Link-qu6i6-3 dNinlc"
        href="#"
      >
        Cookie Preferences
      </a>
      <a
        class="footer__Link-qu6i6-3 dNinlc"
        href="#"
      >
        Legal Notices
      </a>
    </div>
  </div>
  <p
    class="footer__Break-qu6i6-6 cnYatT"
  />
  <p
    class="footer__Text-qu6i6-5 bAqYDB"
  >
    Netflix United Kingdom
  </p>
</div>
`;
